[0.089s] DEBUG:colcon:Command line arguments: ['/usr/bin/colcon', 'build', '--packages-select', 'ur5e_movement']
[0.089s] DEBUG:colcon:Parsed command line arguments: Namespace(log_base=None, log_level=None, verb_name='build', build_base='build', install_base='install', merge_install=False, symlink_install=False, test_result_base=None, continue_on_error=False, executor='parallel', parallel_workers=14, event_handlers=None, ignore_user_meta=False, metas=['./colcon.meta'], base_paths=['.'], packages_ignore=None, packages_ignore_regex=None, paths=None, packages_up_to=None, packages_up_to_regex=None, packages_above=None, packages_above_and_dependencies=None, packages_above_depth=None, packages_select_by_dep=None, packages_skip_by_dep=None, packages_skip_up_to=None, packages_select_build_failed=False, packages_skip_build_finished=False, packages_select_test_failures=False, packages_skip_test_passed=False, packages_select=['ur5e_movement'], packages_skip=None, packages_select_regex=None, packages_skip_regex=None, packages_start=None, packages_end=None, allow_overriding=[], cmake_args=None, cmake_target=None, cmake_target_skip_unavailable=False, cmake_clean_cache=False, cmake_clean_first=False, cmake_force_configure=False, ament_cmake_args=None, catkin_cmake_args=None, catkin_skip_building_tests=False, mixin_files=None, mixin=None, verb_parser=<colcon_mixin.mixin.mixin_argument.MixinArgumentDecorator object at 0xffff7f117a40>, verb_extension=<colcon_core.verb.build.BuildVerb object at 0xffff7fb176e0>, main=<bound method BuildVerb.main of <colcon_core.verb.build.BuildVerb object at 0xffff7fb176e0>>, mixin_verb=('build',))
[0.122s] Level 1:colcon.colcon_core.package_discovery:discover_packages(colcon_meta) check parameters
[0.123s] Level 1:colcon.colcon_core.package_discovery:discover_packages(recursive) check parameters
[0.123s] Level 1:colcon.colcon_core.package_discovery:discover_packages(ignore) check parameters
[0.123s] Level 1:colcon.colcon_core.package_discovery:discover_packages(path) check parameters
[0.123s] Level 1:colcon.colcon_core.package_discovery:discover_packages(colcon_meta) discover
[0.123s] Level 1:colcon.colcon_core.package_discovery:discover_packages(recursive) discover
[0.123s] INFO:colcon.colcon_core.package_discovery:Crawling recursively for packages in '/home/cpsl_thor1/ur5e_ik'
[0.123s] Level 1:colcon.colcon_core.package_identification:_identify(.) by extensions ['ignore', 'ignore_ament_install']
[0.123s] Level 1:colcon.colcon_core.package_identification:_identify(.) by extension 'ignore'
[0.123s] Level 1:colcon.colcon_core.package_identification:_identify(.) by extension 'ignore_ament_install'
[0.123s] Level 1:colcon.colcon_core.package_identification:_identify(.) by extensions ['colcon_pkg']
[0.123s] Level 1:colcon.colcon_core.package_identification:_identify(.) by extension 'colcon_pkg'
[0.123s] Level 1:colcon.colcon_core.package_identification:_identify(.) by extensions ['colcon_meta']
[0.123s] Level 1:colcon.colcon_core.package_identification:_identify(.) by extension 'colcon_meta'
[0.123s] Level 1:colcon.colcon_core.package_identification:_identify(.) by extensions ['ros']
[0.123s] Level 1:colcon.colcon_core.package_identification:_identify(.) by extension 'ros'
[0.147s] Level 1:colcon.colcon_core.package_identification:_identify(.) by extensions ['cmake', 'python']
[0.147s] Level 1:colcon.colcon_core.package_identification:_identify(.) by extension 'cmake'
[0.147s] Level 1:colcon.colcon_core.package_identification:_identify(.) by extension 'python'
[0.147s] Level 1:colcon.colcon_core.package_identification:_identify(.) by extensions ['python_setup_py']
[0.147s] Level 1:colcon.colcon_core.package_identification:_identify(.) by extension 'python_setup_py'
[0.147s] Level 1:colcon.colcon_core.package_identification:_identify(build) by extensions ['ignore', 'ignore_ament_install']
[0.147s] Level 1:colcon.colcon_core.package_identification:_identify(build) by extension 'ignore'
[0.147s] Level 1:colcon.colcon_core.package_identification:_identify(build) ignored
[0.147s] Level 1:colcon.colcon_core.package_identification:_identify(install) by extensions ['ignore', 'ignore_ament_install']
[0.147s] Level 1:colcon.colcon_core.package_identification:_identify(install) by extension 'ignore'
[0.147s] Level 1:colcon.colcon_core.package_identification:_identify(install) ignored
[0.147s] Level 1:colcon.colcon_core.package_identification:_identify(log) by extensions ['ignore', 'ignore_ament_install']
[0.147s] Level 1:colcon.colcon_core.package_identification:_identify(log) by extension 'ignore'
[0.147s] Level 1:colcon.colcon_core.package_identification:_identify(log) ignored
[0.147s] Level 1:colcon.colcon_core.package_identification:_identify(src) by extensions ['ignore', 'ignore_ament_install']
[0.147s] Level 1:colcon.colcon_core.package_identification:_identify(src) by extension 'ignore'
[0.147s] Level 1:colcon.colcon_core.package_identification:_identify(src) by extension 'ignore_ament_install'
[0.148s] Level 1:colcon.colcon_core.package_identification:_identify(src) by extensions ['colcon_pkg']
[0.148s] Level 1:colcon.colcon_core.package_identification:_identify(src) by extension 'colcon_pkg'
[0.148s] Level 1:colcon.colcon_core.package_identification:_identify(src) by extensions ['colcon_meta']
[0.148s] Level 1:colcon.colcon_core.package_identification:_identify(src) by extension 'colcon_meta'
[0.148s] Level 1:colcon.colcon_core.package_identification:_identify(src) by extensions ['ros']
[0.148s] Level 1:colcon.colcon_core.package_identification:_identify(src) by extension 'ros'
[0.148s] Level 1:colcon.colcon_core.package_identification:_identify(src) by extensions ['cmake', 'python']
[0.148s] Level 1:colcon.colcon_core.package_identification:_identify(src) by extension 'cmake'
[0.148s] Level 1:colcon.colcon_core.package_identification:_identify(src) by extension 'python'
[0.148s] Level 1:colcon.colcon_core.package_identification:_identify(src) by extensions ['python_setup_py']
[0.148s] Level 1:colcon.colcon_core.package_identification:_identify(src) by extension 'python_setup_py'
[0.148s] Level 1:colcon.colcon_core.package_identification:_identify(src/ur5e_movement) by extensions ['ignore', 'ignore_ament_install']
[0.148s] Level 1:colcon.colcon_core.package_identification:_identify(src/ur5e_movement) by extension 'ignore'
[0.148s] Level 1:colcon.colcon_core.package_identification:_identify(src/ur5e_movement) by extension 'ignore_ament_install'
[0.148s] Level 1:colcon.colcon_core.package_identification:_identify(src/ur5e_movement) by extensions ['colcon_pkg']
[0.148s] Level 1:colcon.colcon_core.package_identification:_identify(src/ur5e_movement) by extension 'colcon_pkg'
[0.148s] Level 1:colcon.colcon_core.package_identification:_identify(src/ur5e_movement) by extensions ['colcon_meta']
[0.148s] Level 1:colcon.colcon_core.package_identification:_identify(src/ur5e_movement) by extension 'colcon_meta'
[0.148s] Level 1:colcon.colcon_core.package_identification:_identify(src/ur5e_movement) by extensions ['ros']
[0.148s] Level 1:colcon.colcon_core.package_identification:_identify(src/ur5e_movement) by extension 'ros'
[0.150s] DEBUG:colcon.colcon_core.package_identification:Package 'src/ur5e_movement' with type 'ros.ament_cmake' and name 'ur5e_movement'
[0.150s] Level 1:colcon.colcon_core.package_discovery:discover_packages(recursive) using defaults
[0.150s] Level 1:colcon.colcon_core.package_discovery:discover_packages(ignore) discover
[0.150s] Level 1:colcon.colcon_core.package_discovery:discover_packages(ignore) using defaults
[0.150s] Level 1:colcon.colcon_core.package_discovery:discover_packages(path) discover
[0.150s] Level 1:colcon.colcon_core.package_discovery:discover_packages(path) using defaults
[0.165s] Level 1:colcon.colcon_core.package_discovery:discover_packages(prefix_path) check parameters
[0.165s] Level 1:colcon.colcon_core.package_discovery:discover_packages(prefix_path) discover
[0.171s] DEBUG:colcon.colcon_installed_package_information.package_discovery:Found 101 installed packages in /home/cpsl_thor1/ur5e_manipulator/ur5_ws/install
[0.174s] DEBUG:colcon.colcon_installed_package_information.package_discovery:Found 350 installed packages in /opt/ros/jazzy
[0.175s] Level 1:colcon.colcon_core.package_discovery:discover_packages(prefix_path) using defaults
[0.216s] Level 5:colcon.colcon_core.verb:set package 'ur5e_movement' build argument 'cmake_args' from command line to 'None'
[0.216s] Level 5:colcon.colcon_core.verb:set package 'ur5e_movement' build argument 'cmake_target' from command line to 'None'
[0.216s] Level 5:colcon.colcon_core.verb:set package 'ur5e_movement' build argument 'cmake_target_skip_unavailable' from command line to 'False'
[0.216s] Level 5:colcon.colcon_core.verb:set package 'ur5e_movement' build argument 'cmake_clean_cache' from command line to 'False'
[0.216s] Level 5:colcon.colcon_core.verb:set package 'ur5e_movement' build argument 'cmake_clean_first' from command line to 'False'
[0.216s] Level 5:colcon.colcon_core.verb:set package 'ur5e_movement' build argument 'cmake_force_configure' from command line to 'False'
[0.216s] Level 5:colcon.colcon_core.verb:set package 'ur5e_movement' build argument 'ament_cmake_args' from command line to 'None'
[0.216s] Level 5:colcon.colcon_core.verb:set package 'ur5e_movement' build argument 'catkin_cmake_args' from command line to 'None'
[0.216s] Level 5:colcon.colcon_core.verb:set package 'ur5e_movement' build argument 'catkin_skip_building_tests' from command line to 'False'
[0.216s] DEBUG:colcon.colcon_core.verb:Building package 'ur5e_movement' with the following arguments: {'ament_cmake_args': None, 'build_base': '/home/cpsl_thor1/ur5e_ik/build/ur5e_movement', 'catkin_cmake_args': None, 'catkin_skip_building_tests': False, 'cmake_args': None, 'cmake_clean_cache': False, 'cmake_clean_first': False, 'cmake_force_configure': False, 'cmake_target': None, 'cmake_target_skip_unavailable': False, 'install_base': '/home/cpsl_thor1/ur5e_ik/install/ur5e_movement', 'merge_install': False, 'path': '/home/cpsl_thor1/ur5e_ik/src/ur5e_movement', 'symlink_install': False, 'test_result_base': None}
[0.216s] INFO:colcon.colcon_core.executor:Executing jobs using 'parallel' executor
[0.217s] DEBUG:colcon.colcon_parallel_executor.executor.parallel:run_until_complete
[0.217s] INFO:colcon.colcon_ros.task.ament_cmake.build:Building ROS package in '/home/cpsl_thor1/ur5e_ik/src/ur5e_movement' with build type 'ament_cmake'
[0.218s] INFO:colcon.colcon_cmake.task.cmake.build:Building CMake package in '/home/cpsl_thor1/ur5e_ik/src/ur5e_movement'
[0.219s] INFO:colcon.colcon_core.plugin_system:Skipping extension 'colcon_core.shell.bat': Not used on non-Windows systems
[0.219s] INFO:colcon.colcon_core.shell:Skip shell extension 'powershell' for command environment: Not usable outside of PowerShell
[0.219s] DEBUG:colcon.colcon_core.shell:Skip shell extension 'dsv' for command environment
[0.233s] DEBUG:colcon.colcon_core.event_handler.log_command:Invoking command in '/home/cpsl_thor1/ur5e_ik/build/ur5e_movement': CMAKE_PREFIX_PATH=${CMAKE_PREFIX_PATH}:/home/cpsl_thor1/ur5e_manipulator/ur5_ws/install/moveit_configs_utils:/home/cpsl_thor1/ur5e_manipulator/ur5_ws/install/rqt_joint_trajectory_controller:/home/cpsl_thor1/ur5e_manipulator/ur5_ws/install/rqt_controller_manager:/home/cpsl_thor1/ur5e_manipulator/ur5_ws/install/ros2controlcli:/home/cpsl_thor1/ur5e_manipulator/ur5_ws/install/ros2_controllers_test_nodes:/home/cpsl_thor1/ur5e_manipulator/ur5_ws/install/marker_publisher:/opt/ros/jazzy DEBUGINFOD_URLS=https://debuginfod.ubuntu.com /usr/bin/cmake /home/cpsl_thor1/ur5e_ik/src/ur5e_movement -DCMAKE_INSTALL_PREFIX=/home/cpsl_thor1/ur5e_ik/install/ur5e_movement
[3.226s] DEBUG:colcon.colcon_core.event_handler.log_command:Invoked command in '/home/cpsl_thor1/ur5e_ik/build/ur5e_movement' returned '0': CMAKE_PREFIX_PATH=${CMAKE_PREFIX_PATH}:/home/cpsl_thor1/ur5e_manipulator/ur5_ws/install/moveit_configs_utils:/home/cpsl_thor1/ur5e_manipulator/ur5_ws/install/rqt_joint_trajectory_controller:/home/cpsl_thor1/ur5e_manipulator/ur5_ws/install/rqt_controller_manager:/home/cpsl_thor1/ur5e_manipulator/ur5_ws/install/ros2controlcli:/home/cpsl_thor1/ur5e_manipulator/ur5_ws/install/ros2_controllers_test_nodes:/home/cpsl_thor1/ur5e_manipulator/ur5_ws/install/marker_publisher:/opt/ros/jazzy DEBUGINFOD_URLS=https://debuginfod.ubuntu.com /usr/bin/cmake /home/cpsl_thor1/ur5e_ik/src/ur5e_movement -DCMAKE_INSTALL_PREFIX=/home/cpsl_thor1/ur5e_ik/install/ur5e_movement
[3.228s] DEBUG:colcon.colcon_core.event_handler.log_command:Invoking command in '/home/cpsl_thor1/ur5e_ik/build/ur5e_movement': CMAKE_PREFIX_PATH=${CMAKE_PREFIX_PATH}:/home/cpsl_thor1/ur5e_manipulator/ur5_ws/install/moveit_configs_utils:/home/cpsl_thor1/ur5e_manipulator/ur5_ws/install/rqt_joint_trajectory_controller:/home/cpsl_thor1/ur5e_manipulator/ur5_ws/install/rqt_controller_manager:/home/cpsl_thor1/ur5e_manipulator/ur5_ws/install/ros2controlcli:/home/cpsl_thor1/ur5e_manipulator/ur5_ws/install/ros2_controllers_test_nodes:/home/cpsl_thor1/ur5e_manipulator/ur5_ws/install/marker_publisher:/opt/ros/jazzy DEBUGINFOD_URLS=https://debuginfod.ubuntu.com /usr/bin/cmake --build /home/cpsl_thor1/ur5e_ik/build/ur5e_movement -- -j14 -l14
[10.176s] DEBUG:colcon.colcon_core.event_handler.log_command:Invoked command in '/home/cpsl_thor1/ur5e_ik/build/ur5e_movement' returned '0': CMAKE_PREFIX_PATH=${CMAKE_PREFIX_PATH}:/home/cpsl_thor1/ur5e_manipulator/ur5_ws/install/moveit_configs_utils:/home/cpsl_thor1/ur5e_manipulator/ur5_ws/install/rqt_joint_trajectory_controller:/home/cpsl_thor1/ur5e_manipulator/ur5_ws/install/rqt_controller_manager:/home/cpsl_thor1/ur5e_manipulator/ur5_ws/install/ros2controlcli:/home/cpsl_thor1/ur5e_manipulator/ur5_ws/install/ros2_controllers_test_nodes:/home/cpsl_thor1/ur5e_manipulator/ur5_ws/install/marker_publisher:/opt/ros/jazzy DEBUGINFOD_URLS=https://debuginfod.ubuntu.com /usr/bin/cmake --build /home/cpsl_thor1/ur5e_ik/build/ur5e_movement -- -j14 -l14
[10.195s] DEBUG:colcon.colcon_core.event_handler.log_command:Invoking command in '/home/cpsl_thor1/ur5e_ik/build/ur5e_movement': CMAKE_PREFIX_PATH=${CMAKE_PREFIX_PATH}:/home/cpsl_thor1/ur5e_manipulator/ur5_ws/install/moveit_configs_utils:/home/cpsl_thor1/ur5e_manipulator/ur5_ws/install/rqt_joint_trajectory_controller:/home/cpsl_thor1/ur5e_manipulator/ur5_ws/install/rqt_controller_manager:/home/cpsl_thor1/ur5e_manipulator/ur5_ws/install/ros2controlcli:/home/cpsl_thor1/ur5e_manipulator/ur5_ws/install/ros2_controllers_test_nodes:/home/cpsl_thor1/ur5e_manipulator/ur5_ws/install/marker_publisher:/opt/ros/jazzy DEBUGINFOD_URLS=https://debuginfod.ubuntu.com /usr/bin/cmake --install /home/cpsl_thor1/ur5e_ik/build/ur5e_movement
[10.214s] Level 1:colcon.colcon_core.environment:create_environment_scripts_only(ur5e_movement)
[10.215s] DEBUG:colcon.colcon_core.event_handler.log_command:Invoked command in '/home/cpsl_thor1/ur5e_ik/build/ur5e_movement' returned '0': CMAKE_PREFIX_PATH=${CMAKE_PREFIX_PATH}:/home/cpsl_thor1/ur5e_manipulator/ur5_ws/install/moveit_configs_utils:/home/cpsl_thor1/ur5e_manipulator/ur5_ws/install/rqt_joint_trajectory_controller:/home/cpsl_thor1/ur5e_manipulator/ur5_ws/install/rqt_controller_manager:/home/cpsl_thor1/ur5e_manipulator/ur5_ws/install/ros2controlcli:/home/cpsl_thor1/ur5e_manipulator/ur5_ws/install/ros2_controllers_test_nodes:/home/cpsl_thor1/ur5e_manipulator/ur5_ws/install/marker_publisher:/opt/ros/jazzy DEBUGINFOD_URLS=https://debuginfod.ubuntu.com /usr/bin/cmake --install /home/cpsl_thor1/ur5e_ik/build/ur5e_movement
[10.218s] Level 1:colcon.colcon_core.environment:checking '/home/cpsl_thor1/ur5e_ik/install/ur5e_movement' for CMake module files
[10.219s] Level 1:colcon.colcon_core.environment:checking '/home/cpsl_thor1/ur5e_ik/install/ur5e_movement' for CMake config files
[10.219s] Level 1:colcon.colcon_core.shell:create_environment_hook('ur5e_movement', 'cmake_prefix_path')
[10.220s] INFO:colcon.colcon_core.shell:Creating environment hook '/home/cpsl_thor1/ur5e_ik/install/ur5e_movement/share/ur5e_movement/hook/cmake_prefix_path.ps1'
[10.221s] INFO:colcon.colcon_core.shell:Creating environment descriptor '/home/cpsl_thor1/ur5e_ik/install/ur5e_movement/share/ur5e_movement/hook/cmake_prefix_path.dsv'
[10.221s] INFO:colcon.colcon_core.shell:Creating environment hook '/home/cpsl_thor1/ur5e_ik/install/ur5e_movement/share/ur5e_movement/hook/cmake_prefix_path.sh'
[10.223s] Level 1:colcon.colcon_core.environment:checking '/home/cpsl_thor1/ur5e_ik/install/ur5e_movement/lib'
[10.223s] Level 1:colcon.colcon_core.environment:checking '/home/cpsl_thor1/ur5e_ik/install/ur5e_movement/bin'
[10.223s] Level 1:colcon.colcon_core.environment:checking '/home/cpsl_thor1/ur5e_ik/install/ur5e_movement/lib/pkgconfig/ur5e_movement.pc'
[10.224s] Level 1:colcon.colcon_core.environment:checking '/home/cpsl_thor1/ur5e_ik/install/ur5e_movement/lib/python3.12/site-packages'
[10.224s] Level 1:colcon.colcon_core.environment:checking '/home/cpsl_thor1/ur5e_ik/install/ur5e_movement/bin'
[10.225s] INFO:colcon.colcon_core.shell:Creating package script '/home/cpsl_thor1/ur5e_ik/install/ur5e_movement/share/ur5e_movement/package.ps1'
[10.226s] INFO:colcon.colcon_core.shell:Creating package descriptor '/home/cpsl_thor1/ur5e_ik/install/ur5e_movement/share/ur5e_movement/package.dsv'
[10.227s] INFO:colcon.colcon_core.shell:Creating package script '/home/cpsl_thor1/ur5e_ik/install/ur5e_movement/share/ur5e_movement/package.sh'
[10.228s] INFO:colcon.colcon_core.shell:Creating package script '/home/cpsl_thor1/ur5e_ik/install/ur5e_movement/share/ur5e_movement/package.bash'
[10.229s] INFO:colcon.colcon_core.shell:Creating package script '/home/cpsl_thor1/ur5e_ik/install/ur5e_movement/share/ur5e_movement/package.zsh'
[10.229s] Level 1:colcon.colcon_core.environment:create_file_with_runtime_dependencies(/home/cpsl_thor1/ur5e_ik/install/ur5e_movement/share/colcon-core/packages/ur5e_movement)
[10.230s] Level 1:colcon.colcon_core.environment:create_environment_scripts_only(ur5e_movement)
[10.231s] Level 1:colcon.colcon_core.environment:checking '/home/cpsl_thor1/ur5e_ik/install/ur5e_movement' for CMake module files
[10.231s] Level 1:colcon.colcon_core.environment:checking '/home/cpsl_thor1/ur5e_ik/install/ur5e_movement' for CMake config files
[10.232s] Level 1:colcon.colcon_core.shell:create_environment_hook('ur5e_movement', 'cmake_prefix_path')
[10.232s] INFO:colcon.colcon_core.shell:Creating environment hook '/home/cpsl_thor1/ur5e_ik/install/ur5e_movement/share/ur5e_movement/hook/cmake_prefix_path.ps1'
[10.233s] INFO:colcon.colcon_core.shell:Creating environment descriptor '/home/cpsl_thor1/ur5e_ik/install/ur5e_movement/share/ur5e_movement/hook/cmake_prefix_path.dsv'
[10.233s] INFO:colcon.colcon_core.shell:Creating environment hook '/home/cpsl_thor1/ur5e_ik/install/ur5e_movement/share/ur5e_movement/hook/cmake_prefix_path.sh'
[10.234s] Level 1:colcon.colcon_core.environment:checking '/home/cpsl_thor1/ur5e_ik/install/ur5e_movement/lib'
[10.234s] Level 1:colcon.colcon_core.environment:checking '/home/cpsl_thor1/ur5e_ik/install/ur5e_movement/bin'
[10.234s] Level 1:colcon.colcon_core.environment:checking '/home/cpsl_thor1/ur5e_ik/install/ur5e_movement/lib/pkgconfig/ur5e_movement.pc'
[10.235s] Level 1:colcon.colcon_core.environment:checking '/home/cpsl_thor1/ur5e_ik/install/ur5e_movement/lib/python3.12/site-packages'
[10.235s] Level 1:colcon.colcon_core.environment:checking '/home/cpsl_thor1/ur5e_ik/install/ur5e_movement/bin'
[10.235s] INFO:colcon.colcon_core.shell:Creating package script '/home/cpsl_thor1/ur5e_ik/install/ur5e_movement/share/ur5e_movement/package.ps1'
[10.236s] INFO:colcon.colcon_core.shell:Creating package descriptor '/home/cpsl_thor1/ur5e_ik/install/ur5e_movement/share/ur5e_movement/package.dsv'
[10.237s] INFO:colcon.colcon_core.shell:Creating package script '/home/cpsl_thor1/ur5e_ik/install/ur5e_movement/share/ur5e_movement/package.sh'
[10.238s] INFO:colcon.colcon_core.shell:Creating package script '/home/cpsl_thor1/ur5e_ik/install/ur5e_movement/share/ur5e_movement/package.bash'
[10.238s] INFO:colcon.colcon_core.shell:Creating package script '/home/cpsl_thor1/ur5e_ik/install/ur5e_movement/share/ur5e_movement/package.zsh'
[10.239s] Level 1:colcon.colcon_core.environment:create_file_with_runtime_dependencies(/home/cpsl_thor1/ur5e_ik/install/ur5e_movement/share/colcon-core/packages/ur5e_movement)
[10.240s] DEBUG:colcon.colcon_parallel_executor.executor.parallel:closing loop
[10.240s] DEBUG:colcon.colcon_parallel_executor.executor.parallel:loop closed
[10.240s] DEBUG:colcon.colcon_parallel_executor.executor.parallel:run_until_complete finished with '0'
[10.240s] DEBUG:colcon.colcon_core.event_reactor:joining thread
[10.252s] INFO:colcon.colcon_core.plugin_system:Skipping extension 'colcon_notification.desktop_notification.terminal_notifier': Not used on non-Darwin systems
[10.252s] INFO:colcon.colcon_core.plugin_system:Skipping extension 'colcon_notification.desktop_notification.win32': Not used on non-Windows systems
[10.252s] INFO:colcon.colcon_notification.desktop_notification:Sending desktop notification using 'notify2'
[10.293s] DEBUG:colcon.colcon_core.event_reactor:joined thread
[10.293s] INFO:colcon.colcon_core.shell:Creating prefix script '/home/cpsl_thor1/ur5e_ik/install/local_setup.ps1'
[10.294s] INFO:colcon.colcon_core.shell:Creating prefix util module '/home/cpsl_thor1/ur5e_ik/install/_local_setup_util_ps1.py'
[10.296s] INFO:colcon.colcon_core.shell:Creating prefix chain script '/home/cpsl_thor1/ur5e_ik/install/setup.ps1'
[10.303s] INFO:colcon.colcon_core.shell:Creating prefix script '/home/cpsl_thor1/ur5e_ik/install/local_setup.sh'
[10.304s] INFO:colcon.colcon_core.shell:Creating prefix util module '/home/cpsl_thor1/ur5e_ik/install/_local_setup_util_sh.py'
[10.304s] INFO:colcon.colcon_core.shell:Creating prefix chain script '/home/cpsl_thor1/ur5e_ik/install/setup.sh'
[10.311s] INFO:colcon.colcon_core.shell:Creating prefix script '/home/cpsl_thor1/ur5e_ik/install/local_setup.bash'
[10.312s] INFO:colcon.colcon_core.shell:Creating prefix chain script '/home/cpsl_thor1/ur5e_ik/install/setup.bash'
[10.319s] INFO:colcon.colcon_core.shell:Creating prefix script '/home/cpsl_thor1/ur5e_ik/install/local_setup.zsh'
[10.319s] INFO:colcon.colcon_core.shell:Creating prefix chain script '/home/cpsl_thor1/ur5e_ik/install/setup.zsh'
